ARM Linker, 5.03 [Build 76] [MDK-ARM Lite]

==============================================================================

Section Cross References

    startup.o(RESET) refers to startup.o(STACK) for StackMem
    startup.o(RESET) refers to spaceinvaders.o(i.SysTick_Handler) for SysTick_Handler
    startup.o(RESET) refers to spaceinvaders.o(i.Timer2A_Handler) for Timer2A_Handler
    startup.o(RESET) refers to texas.o(i.Timer4A_Handler) for Timer4A_Handler
    startup.o(RESET) refers to texas.o(i.Timer5A_Handler) for Timer5A_Handler
    startup.o(RESET) refers to entry.o(.ARM.Collect$$$$00000000) for __main
    nokia5110.o(i.Nokia5110_Clear) refers to nokia5110.o(i.lcdwrite) for lcdwrite
    nokia5110.o(i.Nokia5110_Clear) refers to nokia5110.o(i.Nokia5110_SetCursor) for Nokia5110_SetCursor
    nokia5110.o(i.Nokia5110_ClearBuffer) refers to nokia5110.o(.bss) for Screen
    nokia5110.o(i.Nokia5110_DisplayBuffer) refers to nokia5110.o(i.Nokia5110_DrawFullImage) for Nokia5110_DrawFullImage
    nokia5110.o(i.Nokia5110_DisplayBuffer) refers to nokia5110.o(.bss) for Screen
    nokia5110.o(i.Nokia5110_DrawFullImage) refers to nokia5110.o(i.Nokia5110_SetCursor) for Nokia5110_SetCursor
    nokia5110.o(i.Nokia5110_DrawFullImage) refers to nokia5110.o(i.lcdwrite) for lcdwrite
    nokia5110.o(i.Nokia5110_Init) refers to nokia5110.o(i.lcdwrite) for lcdwrite
    nokia5110.o(i.Nokia5110_OutChar) refers to nokia5110.o(i.lcdwrite) for lcdwrite
    nokia5110.o(i.Nokia5110_OutChar) refers to nokia5110.o(.constdata) for ASCII
    nokia5110.o(i.Nokia5110_OutString) refers to nokia5110.o(i.Nokia5110_OutChar) for Nokia5110_OutChar
    nokia5110.o(i.Nokia5110_OutUDec) refers to nokia5110.o(i.Nokia5110_OutString) for Nokia5110_OutString
    nokia5110.o(i.Nokia5110_OutUDec) refers to nokia5110.o(i.Nokia5110_OutChar) for Nokia5110_OutChar
    nokia5110.o(i.Nokia5110_PrintBMP) refers to nokia5110.o(.bss) for Screen
    nokia5110.o(i.Nokia5110_SetCursor) refers to nokia5110.o(i.lcdwrite) for lcdwrite
    random.o(.text) refers to random.o(DATA) for M
    spaceinvaders.o(i.SysTick_Handler) refers to switchled.o(i.Switch_Fire) for Switch_Fire
    spaceinvaders.o(i.SysTick_Handler) refers to switchled.o(i.Switch_SpecialFire) for Switch_SpecialFire
    spaceinvaders.o(i.SysTick_Handler) refers to gameengine.o(i.Game_Init) for Game_Init
    spaceinvaders.o(i.SysTick_Handler) refers to gameengine.o(i.Check_Collisions) for Check_Collisions
    spaceinvaders.o(i.SysTick_Handler) refers to gameengine.o(i.Move_ActiveObjects) for Move_ActiveObjects
    spaceinvaders.o(i.SysTick_Handler) refers to gameengine.o(i.RegMissile_Fire) for RegMissile_Fire
    spaceinvaders.o(i.SysTick_Handler) refers to sound.o(i.Sound_Shoot) for Sound_Shoot
    spaceinvaders.o(i.SysTick_Handler) refers to gameengine.o(i.SpecMissile_Fire) for SpecMissile_Fire
    spaceinvaders.o(i.SysTick_Handler) refers to gameengine.o(i.Set_Difficulty) for Set_Difficulty
    spaceinvaders.o(i.SysTick_Handler) refers to spaceinvaders.o(i.SysTick_Init) for SysTick_Init
    spaceinvaders.o(i.SysTick_Handler) refers to spaceinvaders.o(.data) for GameOverFlag
    spaceinvaders.o(i.Timer2A_Handler) refers to switchled.o(i.Success_LedCount) for Success_LedCount
    spaceinvaders.o(i.Timer2A_Handler) refers to switchled.o(i.Failure_LedCount) for Failure_LedCount
    spaceinvaders.o(i.Timer2A_Handler) refers to switchled.o(i.Success_LedOff) for Success_LedOff
    spaceinvaders.o(i.Timer2A_Handler) refers to switchled.o(i.Failure_LedOff) for Failure_LedOff
    spaceinvaders.o(i.Timer2A_Handler) refers to spaceinvaders.o(.data) for PeriodicTask
    spaceinvaders.o(i.Timer2_Init) refers to spaceinvaders.o(.data) for PeriodicTask
    spaceinvaders.o(i.main) refers to startup.o(.text) for DisableInterrupts
    spaceinvaders.o(i.main) refers to texas.o(i.TExaS_Init) for TExaS_Init
    spaceinvaders.o(i.main) refers to random.o(.text) for Random_Init
    spaceinvaders.o(i.main) refers to nokia5110.o(i.Nokia5110_Init) for Nokia5110_Init
    spaceinvaders.o(i.main) refers to spaceinvaders.o(i.PF1Init) for PF1Init
    spaceinvaders.o(i.main) refers to spaceinvaders.o(i.SysTick_Init) for SysTick_Init
    spaceinvaders.o(i.main) refers to nokia5110.o(i.Nokia5110_ClearBuffer) for Nokia5110_ClearBuffer
    spaceinvaders.o(i.main) refers to nokia5110.o(i.Nokia5110_DisplayBuffer) for Nokia5110_DisplayBuffer
    spaceinvaders.o(i.main) refers to adc.o(i.ADC0_Init) for ADC0_Init
    spaceinvaders.o(i.main) refers to gameengine.o(i.Game_Init) for Game_Init
    spaceinvaders.o(i.main) refers to switchled.o(i.SwitchLed_Init) for SwitchLed_Init
    spaceinvaders.o(i.main) refers to sound.o(i.Sound_Init) for Sound_Init
    spaceinvaders.o(i.main) refers to spaceinvaders.o(i.Timer2_Init) for Timer2_Init
    spaceinvaders.o(i.main) refers to gameengine.o(i.State_GameOver) for State_GameOver
    spaceinvaders.o(i.main) refers to gameengine.o(i.Draw_GameFrame) for Draw_GameFrame
    spaceinvaders.o(i.main) refers to gameengine.o(i.Check_GameOver) for Check_GameOver
    spaceinvaders.o(i.main) refers to spaceinvaders.o(i.Delay100ms) for Delay100ms
    spaceinvaders.o(i.main) refers to sound.o(i.Sound_Play) for Sound_Play
    spaceinvaders.o(i.main) refers to spaceinvaders.o(.data) for GameOverFlag
    texas.o(i.SetCode) refers to texas.o(.bss) for TExaS
    texas.o(i.SetCourse) refers to texas.o(.bss) for TExaS
    texas.o(i.SetMode) refers to texas.o(.bss) for TExaS
    texas.o(i.StartTimer4) refers to texas.o(.data) for ScopeCount
    texas.o(i.TExaS_Init) refers to texas.o(i.PLL_Init) for PLL_Init
    texas.o(i.TExaS_Init) refers to texas.o(i.SetCourse) for SetCourse
    texas.o(i.TExaS_Init) refers to texas.o(i.UART0_Init) for UART0_Init
    texas.o(i.TExaS_Init) refers to texas.o(i.SetCode) for SetCode
    texas.o(i.TExaS_Init) refers to texas.o(i.ADC1_Init) for ADC1_Init
    texas.o(i.TExaS_Init) refers to texas.o(.constdata) for IntroMsg
    texas.o(i.TExaS_Init) refers to texas.o(.bss) for TExaS
    texas.o(i.TExaS_Init) refers to texas.o(.data) for LastMode
    texas.o(i.Timer5A_Handler) refers to texas.o(i.ADC1_In) for ADC1_In
    texas.o(i.Timer5A_Handler) refers to texas.o(.data) for TExaS_Period
    sound.o(i.SoundOut) refers to sound.o(.data) for Wave
    sound.o(i.Sound_Explosion) refers to sound.o(i.SoundOut) for SoundOut
    sound.o(i.Sound_Explosion) refers to sound.o(.constdata) for explosion
    sound.o(i.Sound_Init) refers to dac.o(i.DAC_Init) for DAC_Init
    sound.o(i.Sound_Init) refers to sound.o(.data) for Index
    sound.o(i.Sound_InvaderShoot) refers to sound.o(i.SoundOut) for SoundOut
    sound.o(i.Sound_InvaderShoot) refers to sound.o(.constdata) for invadershoot
    sound.o(i.Sound_Killed) refers to sound.o(i.SoundOut) for SoundOut
    sound.o(i.Sound_Killed) refers to sound.o(.constdata) for invaderkilled
    sound.o(i.Sound_Play) refers to dac.o(i.DAC_Out) for DAC_Out
    sound.o(i.Sound_Play) refers to sound.o(.data) for SoundCount
    sound.o(i.Sound_Shoot) refers to sound.o(i.SoundOut) for SoundOut
    sound.o(i.Sound_Shoot) refers to sound.o(.constdata) for shoot
    gameengine.o(i.CheckBumperLaserCollision) refers to switchled.o(i.Failure_LedOn) for Failure_LedOn
    gameengine.o(i.CheckBumperLaserCollision) refers to sound.o(i.Sound_Explosion) for Sound_Explosion
    gameengine.o(i.CheckBumperLaserCollision) refers to gameengine.o(.bss) for Bunkers
    gameengine.o(i.CheckBumperLaserCollision) refers to gameengine.o(.constdata) for Laser0
    gameengine.o(i.CheckBumperLaserCollision) refers to gameengine.o(.data) for LaserCount
    gameengine.o(i.CheckEnemyRegMissileCollisions) refers to switchled.o(i.Success_LedOn) for Success_LedOn
    gameengine.o(i.CheckEnemyRegMissileCollisions) refers to sound.o(i.Sound_Killed) for Sound_Killed
    gameengine.o(i.CheckEnemyRegMissileCollisions) refers to gameengine.o(.bss) for Enemy
    gameengine.o(i.CheckEnemyRegMissileCollisions) refers to gameengine.o(.constdata) for Laser0
    gameengine.o(i.CheckEnemyRegMissileCollisions) refers to gameengine.o(.data) for Score
    gameengine.o(i.CheckEnemySpecMissileCollisions) refers to switchled.o(i.Success_LedOn) for Success_LedOn
    gameengine.o(i.CheckEnemySpecMissileCollisions) refers to sound.o(i.Sound_Killed) for Sound_Killed
    gameengine.o(i.CheckEnemySpecMissileCollisions) refers to gameengine.o(.bss) for Enemy
    gameengine.o(i.CheckEnemySpecMissileCollisions) refers to gameengine.o(.constdata) for Missile0
    gameengine.o(i.CheckEnemySpecMissileCollisions) refers to gameengine.o(.data) for Score
    gameengine.o(i.CheckLaserRegMissileCollision) refers to switchled.o(i.Success_LedOn) for Success_LedOn
    gameengine.o(i.CheckLaserRegMissileCollision) refers to gameengine.o(.bss) for Lasers
    gameengine.o(i.CheckLaserRegMissileCollision) refers to gameengine.o(.constdata) for Laser0
    gameengine.o(i.CheckLaserRegMissileCollision) refers to gameengine.o(.data) for Score
    gameengine.o(i.CheckLaserSpecMissileCollision) refers to switchled.o(i.Success_LedOn) for Success_LedOn
    gameengine.o(i.CheckLaserSpecMissileCollision) refers to gameengine.o(.bss) for Lasers
    gameengine.o(i.CheckLaserSpecMissileCollision) refers to gameengine.o(.constdata) for Missile0
    gameengine.o(i.CheckLaserSpecMissileCollision) refers to gameengine.o(.data) for Score
    gameengine.o(i.CheckPlayerLaserCollision) refers to switchled.o(i.Failure_LedOn) for Failure_LedOn
    gameengine.o(i.CheckPlayerLaserCollision) refers to sound.o(i.Sound_Explosion) for Sound_Explosion
    gameengine.o(i.CheckPlayerLaserCollision) refers to gameengine.o(.bss) for Player
    gameengine.o(i.CheckPlayerLaserCollision) refers to gameengine.o(.constdata) for Laser0
    gameengine.o(i.CheckPlayerLaserCollision) refers to gameengine.o(.data) for LaserCount
    gameengine.o(i.Check_Collisions) refers to gameengine.o(i.CheckEnemyRegMissileCollisions) for CheckEnemyRegMissileCollisions
    gameengine.o(i.Check_Collisions) refers to gameengine.o(i.CheckEnemySpecMissileCollisions) for CheckEnemySpecMissileCollisions
    gameengine.o(i.Check_Collisions) refers to gameengine.o(i.CheckBumperLaserCollision) for CheckBumperLaserCollision
    gameengine.o(i.Check_Collisions) refers to gameengine.o(i.CheckPlayerLaserCollision) for CheckPlayerLaserCollision
    gameengine.o(i.Check_Collisions) refers to gameengine.o(i.CheckLaserRegMissileCollision) for CheckLaserRegMissileCollision
    gameengine.o(i.Check_Collisions) refers to gameengine.o(i.CheckLaserSpecMissileCollision) for CheckLaserSpecMissileCollision
    gameengine.o(i.Check_GameOver) refers to gameengine.o(.data) for KilledEnemyCount
    gameengine.o(i.Check_GameOver) refers to gameengine.o(.bss) for Player
    gameengine.o(i.DrawBunkers) refers to nokia5110.o(i.Nokia5110_PrintBMP) for Nokia5110_PrintBMP
    gameengine.o(i.DrawBunkers) refers to gameengine.o(.bss) for Bunkers
    gameengine.o(i.DrawEnemies) refers to nokia5110.o(i.Nokia5110_PrintBMP) for Nokia5110_PrintBMP
    gameengine.o(i.DrawEnemies) refers to gameengine.o(.bss) for Enemy
    gameengine.o(i.DrawEnemies) refers to gameengine.o(.data) for FrameCount
    gameengine.o(i.DrawEnemies) refers to gameengine.o(.constdata) for SmallExplosion0
    gameengine.o(i.DrawLasers) refers to nokia5110.o(i.Nokia5110_PrintBMP) for Nokia5110_PrintBMP
    gameengine.o(i.DrawLasers) refers to gameengine.o(.bss) for Lasers
    gameengine.o(i.DrawPlayer) refers to nokia5110.o(i.Nokia5110_PrintBMP) for Nokia5110_PrintBMP
    gameengine.o(i.DrawPlayer) refers to gameengine.o(.bss) for Player
    gameengine.o(i.DrawPlayer) refers to gameengine.o(.constdata) for BigExplosion0
    gameengine.o(i.DrawRegMissiles) refers to nokia5110.o(i.Nokia5110_PrintBMP) for Nokia5110_PrintBMP
    gameengine.o(i.DrawRegMissiles) refers to gameengine.o(.bss) for RegMissiles
    gameengine.o(i.DrawSpecMissiles) refers to nokia5110.o(i.Nokia5110_PrintBMP) for Nokia5110_PrintBMP
    gameengine.o(i.DrawSpecMissiles) refers to gameengine.o(.bss) for SpecMissiles
    gameengine.o(i.Draw_GameFrame) refers to nokia5110.o(i.Nokia5110_ClearBuffer) for Nokia5110_ClearBuffer
    gameengine.o(i.Draw_GameFrame) refers to gameengine.o(i.DrawPlayer) for DrawPlayer
    gameengine.o(i.Draw_GameFrame) refers to gameengine.o(i.DrawBunkers) for DrawBunkers
    gameengine.o(i.Draw_GameFrame) refers to gameengine.o(i.DrawEnemies) for DrawEnemies
    gameengine.o(i.Draw_GameFrame) refers to gameengine.o(i.DrawRegMissiles) for DrawRegMissiles
    gameengine.o(i.Draw_GameFrame) refers to gameengine.o(i.DrawSpecMissiles) for DrawSpecMissiles
    gameengine.o(i.Draw_GameFrame) refers to gameengine.o(i.DrawLasers) for DrawLasers
    gameengine.o(i.Draw_GameFrame) refers to nokia5110.o(i.Nokia5110_DisplayBuffer) for Nokia5110_DisplayBuffer
    gameengine.o(i.Draw_GameFrame) refers to gameengine.o(.data) for FrameCount
    gameengine.o(i.EnemyLaserFire) refers to gameengine.o(i.RandomGenerator) for RandomGenerator
    gameengine.o(i.EnemyLaserFire) refers to sound.o(i.Sound_InvaderShoot) for Sound_InvaderShoot
    gameengine.o(i.EnemyLaserFire) refers to gameengine.o(.data) for LaserDelay
    gameengine.o(i.EnemyLaserFire) refers to gameengine.o(.bss) for Enemy
    gameengine.o(i.EnemyLaserFire) refers to gameengine.o(.constdata) for Laser0
    gameengine.o(i.EnemyMove) refers to gameengine.o(.bss) for Enemy
    gameengine.o(i.Game_Init) refers to gameengine.o(i.RandomGenerator) for RandomGenerator
    gameengine.o(i.Game_Init) refers to gameengine.o(.data) for Score
    gameengine.o(i.Game_Init) refers to gameengine.o(.bss) for Player
    gameengine.o(i.Game_Init) refers to gameengine.o(.constdata) for PlayerShip0
    gameengine.o(i.LaserMove) refers to gameengine.o(i.EnemyLaserFire) for EnemyLaserFire
    gameengine.o(i.LaserMove) refers to gameengine.o(.bss) for Lasers
    gameengine.o(i.LaserMove) refers to gameengine.o(.data) for LaserCount
    gameengine.o(i.Move_ActiveObjects) refers to gameengine.o(i.PlayerMove) for PlayerMove
    gameengine.o(i.Move_ActiveObjects) refers to gameengine.o(i.EnemyMove) for EnemyMove
    gameengine.o(i.Move_ActiveObjects) refers to gameengine.o(i.RegMissileMove) for RegMissileMove
    gameengine.o(i.Move_ActiveObjects) refers to gameengine.o(i.SpecMissileMove) for SpecMissileMove
    gameengine.o(i.Move_ActiveObjects) refers to gameengine.o(i.LaserMove) for LaserMove
    gameengine.o(i.PlayerMove) refers to adc.o(i.ADC0_In) for ADC0_In
    gameengine.o(i.PlayerMove) refers to gameengine.o(i.ConvertToDistance) for ConvertToDistance
    gameengine.o(i.PlayerMove) refers to gameengine.o(.bss) for Player
    gameengine.o(i.RandomGenerator) refers to random.o(.text) for Random
    gameengine.o(i.RegMissileMove) refers to gameengine.o(.bss) for RegMissiles
    gameengine.o(i.RegMissileMove) refers to gameengine.o(.constdata) for Laser0
    gameengine.o(i.RegMissileMove) refers to gameengine.o(.data) for RegMissileCount
    gameengine.o(i.RegMissile_Fire) refers to gameengine.o(.data) for RegMissileCount
    gameengine.o(i.RegMissile_Fire) refers to gameengine.o(.bss) for Player
    gameengine.o(i.RegMissile_Fire) refers to gameengine.o(.constdata) for PlayerShip0
    gameengine.o(i.Set_Difficulty) refers to gameengine.o(.data) for KilledEnemyCount
    gameengine.o(i.SpecMissileMove) refers to gameengine.o(.bss) for SpecMissiles
    gameengine.o(i.SpecMissileMove) refers to gameengine.o(.constdata) for Laser0
    gameengine.o(i.SpecMissileMove) refers to gameengine.o(.data) for SpecMissileDecrementCheck
    gameengine.o(i.SpecMissile_Fire) refers to gameengine.o(.data) for SpecMissileCount
    gameengine.o(i.SpecMissile_Fire) refers to gameengine.o(.bss) for Player
    gameengine.o(i.SpecMissile_Fire) refers to gameengine.o(.constdata) for PlayerShip0
    gameengine.o(i.State_GameOver) refers to nokia5110.o(i.Nokia5110_Clear) for Nokia5110_Clear
    gameengine.o(i.State_GameOver) refers to nokia5110.o(i.Nokia5110_SetCursor) for Nokia5110_SetCursor
    gameengine.o(i.State_GameOver) refers to nokia5110.o(i.Nokia5110_OutString) for Nokia5110_OutString
    gameengine.o(i.State_GameOver) refers to nokia5110.o(i.Nokia5110_OutUDec) for Nokia5110_OutUDec
    gameengine.o(i.State_GameOver) refers to gameengine.o(.data) for KilledEnemyCount
    switchled.o(i.Failure_LedCount) refers to switchled.o(.data) for FailureLedCount
    switchled.o(i.Failure_LedOn) refers to switchled.o(.data) for FailureLedCount
    switchled.o(i.Success_LedCount) refers to switchled.o(.data) for SuccessLedCount
    switchled.o(i.Success_LedOn) refers to switchled.o(.data) for SuccessLedCount
    switchled.o(i.Switch_Fire) refers to switchled.o(.data) for PrevRegFire
    switchled.o(i.Switch_SpecialFire) refers to switchled.o(.data) for PrevSpecFire
    entry.o(.ARM.Collect$$$$00000000) refers (Special) to entry10a.o(.ARM.Collect$$$$0000000D) for __rt_final_cpp
    entry.o(.ARM.Collect$$$$00000000) refers (Special) to entry11a.o(.ARM.Collect$$$$0000000F) for __rt_final_exit
    entry.o(.ARM.Collect$$$$00000000) refers (Special) to entry7b.o(.ARM.Collect$$$$00000008) for _main_clock
    entry.o(.ARM.Collect$$$$00000000) refers (Special) to entry8b.o(.ARM.Collect$$$$0000000A) for _main_cpp_init
    entry.o(.ARM.Collect$$$$00000000) refers (Special) to entry9a.o(.ARM.Collect$$$$0000000B) for _main_init
    entry.o(.ARM.Collect$$$$00000000) refers (Special) to entry5.o(.ARM.Collect$$$$00000004) for _main_scatterload
    entry.o(.ARM.Collect$$$$00000000) refers (Special) to entry2.o(.ARM.Collect$$$$00000001) for _main_stk
    entry2.o(.ARM.Collect$$$$00000001) refers to entry2.o(.ARM.Collect$$$$00002712) for __lit__00000000
    entry2.o(.ARM.Collect$$$$00002712) refers to startup.o(STACK) for __initial_sp
    entry2.o(__vectab_stack_and_reset_area) refers to startup.o(STACK) for __initial_sp
    entry2.o(__vectab_stack_and_reset_area) refers to entry.o(.ARM.Collect$$$$00000000) for __main
    entry5.o(.ARM.Collect$$$$00000004) refers to init.o(.text) for __scatterload
    entry9a.o(.ARM.Collect$$$$0000000B) refers to spaceinvaders.o(i.main) for main
    entry9b.o(.ARM.Collect$$$$0000000C) refers to spaceinvaders.o(i.main) for main
    init.o(.text) refers to entry5.o(.ARM.Collect$$$$00000004) for __main_after_scatterload


==============================================================================

Removing Unused input sections from the image.

    Removing startup.o(HEAP), (0 bytes).
    Removing spaceinvaders.o(.constdata), (480 bytes).
    Removing texas.o(i.SetMode), (24 bytes).
    Removing texas.o(i.StartTimer4), (36 bytes).
    Removing texas.o(i.StopTimer4), (24 bytes).
    Removing texas.o(i.TExaS_Stop), (28 bytes).
    Removing texas.o(i.UART0_InChar), (24 bytes).
    Removing texas.o(i.UART0_InCharNonBlocking), (28 bytes).
    Removing texas.o(i.UART0_OutChar), (24 bytes).
    Removing texas.o(i.UART0_OutCharNonBlock), (12 bytes).
    Removing texas.o(i.copy), (18 bytes).

11 unused section(s) (total 698 bytes) removed from the image.

==============================================================================

Image Symbol Table

    Local Symbols

    Symbol Name                              Value     Ov Type        Size  Object(Section)

    RESET                                    0x00000000   Section      644  startup.o(RESET)
    ../clib/microlib/init/entry.s            0x00000000   Number         0  entry8b.o ABSOLUTE
    ../clib/microlib/init/entry.s            0x00000000   Number         0  entry2.o ABSOLUTE
    ../clib/microlib/init/entry.s            0x00000000   Number         0  entry.o ABSOLUTE
    ../clib/microlib/init/entry.s            0x00000000   Number         0  entry8a.o ABSOLUTE
    ../clib/microlib/init/entry.s            0x00000000   Number         0  entry7b.o ABSOLUTE
    ../clib/microlib/init/entry.s            0x00000000   Number         0  entry7a.o ABSOLUTE
    ../clib/microlib/init/entry.s            0x00000000   Number         0  entry11b.o ABSOLUTE
    ../clib/microlib/init/entry.s            0x00000000   Number         0  entry5.o ABSOLUTE
    ../clib/microlib/init/entry.s            0x00000000   Number         0  entry11a.o ABSOLUTE
    ../clib/microlib/init/entry.s            0x00000000   Number         0  entry10b.o ABSOLUTE
    ../clib/microlib/init/entry.s            0x00000000   Number         0  entry10a.o ABSOLUTE
    ../clib/microlib/init/entry.s            0x00000000   Number         0  entry9b.o ABSOLUTE
    ../clib/microlib/init/entry.s            0x00000000   Number         0  entry9a.o ABSOLUTE
    ADC.c                                    0x00000000   Number         0  adc.o ABSOLUTE
    DAC.c                                    0x00000000   Number         0  dac.o ABSOLUTE
    GameEngine.c                             0x00000000   Number         0  gameengine.o ABSOLUTE
    Nokia5110.c                              0x00000000   Number         0  nokia5110.o ABSOLUTE
    Sound.c                                  0x00000000   Number         0  sound.o ABSOLUTE
    SpaceInvaders.c                          0x00000000   Number         0  spaceinvaders.o ABSOLUTE
    SwitchLed.c                              0x00000000   Number         0  switchled.o ABSOLUTE
    TExaS.c                                  0x00000000   Number         0  texas.o ABSOLUTE
    dc.s                                     0x00000000   Number         0  dc.o ABSOLUTE
    handlers.s                               0x00000000   Number         0  handlers.o ABSOLUTE
    init.s                                   0x00000000   Number         0  init.o ABSOLUTE
    random.s                                 0x00000000   Number         0  random.o ABSOLUTE
    startup.s                                0x00000000   Number         0  startup.o ABSOLUTE
    $v0                                      0x0000026c   Number         0  startup.o(RESET)
    .ARM.Collect$$$$00000000                 0x00000284   Section        0  entry.o(.ARM.Collect$$$$00000000)
    .ARM.Collect$$$$00000001                 0x00000284   Section        4  entry2.o(.ARM.Collect$$$$00000001)
    .ARM.Collect$$$$00000004                 0x00000288   Section        4  entry5.o(.ARM.Collect$$$$00000004)
    .ARM.Collect$$$$00000008                 0x0000028c   Section        0  entry7b.o(.ARM.Collect$$$$00000008)
    .ARM.Collect$$$$0000000A                 0x0000028c   Section        0  entry8b.o(.ARM.Collect$$$$0000000A)
    .ARM.Collect$$$$0000000B                 0x0000028c   Section        8  entry9a.o(.ARM.Collect$$$$0000000B)
    .ARM.Collect$$$$0000000D                 0x00000294   Section        0  entry10a.o(.ARM.Collect$$$$0000000D)
    .ARM.Collect$$$$0000000F                 0x00000294   Section        0  entry11a.o(.ARM.Collect$$$$0000000F)
    .ARM.Collect$$$$00002712                 0x00000294   Section        4  entry2.o(.ARM.Collect$$$$00002712)
    __lit__00000000                          0x00000294   Data           4  entry2.o(.ARM.Collect$$$$00002712)
    .text                                    0x00000298   Section       28  startup.o(.text)
    $v0                                      0x00000298   Number         0  startup.o(.text)
    .text                                    0x000002b4   Section       40  random.o(.text)
    $v0                                      0x000002b4   Number         0  random.o(.text)
    .text                                    0x000002dc   Section       36  init.o(.text)
    i.ADC0_In                                0x00000300   Section        0  adc.o(i.ADC0_In)
    i.ADC0_Init                              0x0000032c   Section        0  adc.o(i.ADC0_Init)
    i.ADC1_In                                0x000003fc   Section        0  texas.o(i.ADC1_In)
    i.ADC1_Init                              0x00000408   Section        0  texas.o(i.ADC1_Init)
    i.CheckBumperLaserCollision              0x000004dc   Section        0  gameengine.o(i.CheckBumperLaserCollision)
    i.CheckEnemyRegMissileCollisions         0x000005f8   Section        0  gameengine.o(i.CheckEnemyRegMissileCollisions)
    i.CheckEnemySpecMissileCollisions        0x00000734   Section        0  gameengine.o(i.CheckEnemySpecMissileCollisions)
    i.CheckLaserRegMissileCollision          0x000009b8   Section        0  gameengine.o(i.CheckLaserRegMissileCollision)
    i.CheckLaserSpecMissileCollision         0x00000ac8   Section        0  gameengine.o(i.CheckLaserSpecMissileCollision)
    i.CheckPlayerLaserCollision              0x00000cdc   Section        0  gameengine.o(i.CheckPlayerLaserCollision)
    i.Check_Collisions                       0x00000da8   Section        0  gameengine.o(i.Check_Collisions)
    i.Check_GameOver                         0x00000dc4   Section        0  gameengine.o(i.Check_GameOver)
    i.ConvertToDistance                      0x00000de4   Section        0  gameengine.o(i.ConvertToDistance)
    i.DAC_Init                               0x00000df8   Section        0  dac.o(i.DAC_Init)
    i.DAC_Out                                0x00000e58   Section        0  dac.o(i.DAC_Out)
    i.Delay100ms                             0x00000e64   Section        0  spaceinvaders.o(i.Delay100ms)
    i.DrawBunkers                            0x00000e88   Section        0  gameengine.o(i.DrawBunkers)
    i.DrawEnemies                            0x00000ed4   Section        0  gameengine.o(i.DrawEnemies)
    i.DrawLasers                             0x00000f68   Section        0  gameengine.o(i.DrawLasers)
    i.DrawPlayer                             0x00000fb0   Section        0  gameengine.o(i.DrawPlayer)
    i.DrawRegMissiles                        0x00000fec   Section        0  gameengine.o(i.DrawRegMissiles)
    i.DrawSpecMissiles                       0x00001034   Section        0  gameengine.o(i.DrawSpecMissiles)
    i.Draw_GameFrame                         0x000010d4   Section        0  gameengine.o(i.Draw_GameFrame)
    i.EnemyLaserFire                         0x0000110c   Section        0  gameengine.o(i.EnemyLaserFire)
    i.EnemyMove                              0x000011e4   Section        0  gameengine.o(i.EnemyMove)
    i.Failure_LedCount                       0x00001228   Section        0  switchled.o(i.Failure_LedCount)
    i.Failure_LedOff                         0x00001244   Section        0  switchled.o(i.Failure_LedOff)
    i.Failure_LedOn                          0x0000125c   Section        0  switchled.o(i.Failure_LedOn)
    i.Game_Init                              0x0000127c   Section        0  gameengine.o(i.Game_Init)
    i.LaserMove                              0x000014f0   Section        0  gameengine.o(i.LaserMove)
    i.Move_ActiveObjects                     0x00001568   Section        0  gameengine.o(i.Move_ActiveObjects)
    i.Nokia5110_Clear                        0x00001580   Section        0  nokia5110.o(i.Nokia5110_Clear)
    i.Nokia5110_ClearBuffer                  0x000015a0   Section        0  nokia5110.o(i.Nokia5110_ClearBuffer)
    i.Nokia5110_DisplayBuffer                0x000015b8   Section        0  nokia5110.o(i.Nokia5110_DisplayBuffer)
    i.Nokia5110_DrawFullImage                0x000015c8   Section        0  nokia5110.o(i.Nokia5110_DrawFullImage)
    i.Nokia5110_Init                         0x000015ec   Section        0  nokia5110.o(i.Nokia5110_Init)
    i.Nokia5110_OutChar                      0x00001758   Section        0  nokia5110.o(i.Nokia5110_OutChar)
    i.Nokia5110_OutString                    0x00001790   Section        0  nokia5110.o(i.Nokia5110_OutString)
    i.Nokia5110_OutUDec                      0x000017a8   Section        0  nokia5110.o(i.Nokia5110_OutUDec)
    i.Nokia5110_PrintBMP                     0x00001944   Section        0  nokia5110.o(i.Nokia5110_PrintBMP)
    i.Nokia5110_SetCursor                    0x00001aec   Section        0  nokia5110.o(i.Nokia5110_SetCursor)
    i.PF1Init                                0x00001b1c   Section        0  spaceinvaders.o(i.PF1Init)
    i.PLL_Init                               0x00001b8c   Section        0  texas.o(i.PLL_Init)
    i.PlayerMove                             0x00001c08   Section        0  gameengine.o(i.PlayerMove)
    i.RandomGenerator                        0x00001c24   Section        0  gameengine.o(i.RandomGenerator)
    i.RegMissileMove                         0x00001c38   Section        0  gameengine.o(i.RegMissileMove)
    i.RegMissile_Fire                        0x00001cb0   Section        0  gameengine.o(i.RegMissile_Fire)
    i.SetCode                                0x00001d34   Section        0  texas.o(i.SetCode)
    i.SetCourse                              0x00001d4c   Section        0  texas.o(i.SetCourse)
    i.Set_Difficulty                         0x00001d64   Section        0  gameengine.o(i.Set_Difficulty)
    i.SoundOut                               0x00001d80   Section        0  sound.o(i.SoundOut)
    i.Sound_Explosion                        0x00001d9c   Section        0  sound.o(i.Sound_Explosion)
    i.Sound_Init                             0x00001db0   Section        0  sound.o(i.Sound_Init)
    i.Sound_InvaderShoot                     0x00001dcc   Section        0  sound.o(i.Sound_InvaderShoot)
    i.Sound_Killed                           0x00001de0   Section        0  sound.o(i.Sound_Killed)
    i.Sound_Play                             0x00001df4   Section        0  sound.o(i.Sound_Play)
    i.Sound_Shoot                            0x00001e38   Section        0  sound.o(i.Sound_Shoot)
    i.SpecMissileMove                        0x00001e4c   Section        0  gameengine.o(i.SpecMissileMove)
    i.SpecMissile_Fire                       0x00002020   Section        0  gameengine.o(i.SpecMissile_Fire)
    i.State_GameOver                         0x00002154   Section        0  gameengine.o(i.State_GameOver)
    i.Success_LedCount                       0x0000222c   Section        0  switchled.o(i.Success_LedCount)
    i.Success_LedOff                         0x00002248   Section        0  switchled.o(i.Success_LedOff)
    i.Success_LedOn                          0x00002260   Section        0  switchled.o(i.Success_LedOn)
    i.SwitchLed_Init                         0x00002280   Section        0  switchled.o(i.SwitchLed_Init)
    i.Switch_Fire                            0x0000233c   Section        0  switchled.o(i.Switch_Fire)
    i.Switch_SpecialFire                     0x00002368   Section        0  switchled.o(i.Switch_SpecialFire)
    i.SysTick_Handler                        0x00002394   Section        0  spaceinvaders.o(i.SysTick_Handler)
    i.SysTick_Init                           0x00002408   Section        0  spaceinvaders.o(i.SysTick_Init)
    i.TExaS_Init                             0x00002438   Section        0  texas.o(i.TExaS_Init)
    i.Timer2A_Handler                        0x000025fc   Section        0  spaceinvaders.o(i.Timer2A_Handler)
    i.Timer2_Init                            0x0000262c   Section        0  spaceinvaders.o(i.Timer2_Init)
    i.Timer4A_Handler                        0x00002694   Section        0  texas.o(i.Timer4A_Handler)
    i.Timer5A_Handler                        0x000026b4   Section        0  texas.o(i.Timer5A_Handler)
    i.UART0_Init                             0x000026e4   Section        0  texas.o(i.UART0_Init)
    i.__scatterload_copy                     0x000027a4   Section       14  handlers.o(i.__scatterload_copy)
    i.__scatterload_null                     0x000027b2   Section        2  handlers.o(i.__scatterload_null)
    i.__scatterload_zeroinit                 0x000027b4   Section       14  handlers.o(i.__scatterload_zeroinit)
    i.lcdwrite                               0x000027c4   Section        0  nokia5110.o(i.lcdwrite)
    lcdwrite                                 0x000027c5   Thumb Code    66  nokia5110.o(i.lcdwrite)
    i.main                                   0x00002810   Section        0  spaceinvaders.o(i.main)
    .constdata                               0x000028b0   Section      480  nokia5110.o(.constdata)
    ASCII                                    0x000028b0   Data         480  nokia5110.o(.constdata)
    .constdata                               0x00002a90   Section      360  texas.o(.constdata)
    .constdata                               0x00002bf8   Section    10439  sound.o(.constdata)
    .constdata                               0x000054bf   Section     4411  gameengine.o(.constdata)
    ASCII                                    0x000054bf   Data         480  gameengine.o(.constdata)
    .data                                    0x20000000   Section        8  spaceinvaders.o(.data)
    .data                                    0x20000008   Section       52  texas.o(.data)
    .data                                    0x2000003c   Section       12  sound.o(.data)
    .data                                    0x20000048   Section       22  gameengine.o(.data)
    .data                                    0x20000060   Section       16  switchled.o(.data)
    DATA                                     0x20000070   Section        4  random.o(DATA)
    M                                        0x20000070   Data           4  random.o(DATA)
    .bss                                     0x20000074   Section      504  nokia5110.o(.bss)
    .bss                                     0x20000270   Section       56  texas.o(.bss)
    .bss                                     0x200002a8   Section      660  gameengine.o(.bss)
    STACK                                    0x20000540   Section     1024  startup.o(STACK)
    StackMem                                 0x20000540   Data           0  startup.o(STACK)

    Global Symbols

    Symbol Name                              Value     Ov Type        Size  Object(Section)

    BuildAttributes$$THM_ISAv4$E$P$D$K$B$S$7EM$VFPi3$EXTD16$VFPS$VFMA$PE$A:L22UL41UL21$X:L11$S22US41US21$IEEE1$IW$USESV6$~STKCKD$USESV7$~SHL$OSPACE$EBA8$MICROLIB$REQ8$PRES8$EABIv2 0x00000000   Number         0  anon$$obj.o ABSOLUTE
    __ARM_use_no_argv                        0x00000000   Number         0  spaceinvaders.o ABSOLUTE
    __Vectors                                0x00000000   Data           0  startup.o(RESET)
    __cpp_initialize__aeabi_                  - Undefined Weak Reference
    __cxa_finalize                            - Undefined Weak Reference
    __decompress                              - Undefined Weak Reference
    _clock_init                               - Undefined Weak Reference
    _microlib_exit                            - Undefined Weak Reference
    Reset_Handler                            0x0000026d   Thumb Code     0  startup.o(RESET)
    NMI_Handler                              0x00000271   Thumb Code     2  startup.o(RESET)
    HardFault_Handler                        0x00000273   Thumb Code     2  startup.o(RESET)
    MemManage_Handler                        0x00000275   Thumb Code     2  startup.o(RESET)
    BusFault_Handler                         0x00000277   Thumb Code     2  startup.o(RESET)
    UsageFault_Handler                       0x00000279   Thumb Code     2  startup.o(RESET)
    SVC_Handler                              0x0000027b   Thumb Code     2  startup.o(RESET)
    DebugMon_Handler                         0x0000027d   Thumb Code     2  startup.o(RESET)
    PendSV_Handler                           0x0000027f   Thumb Code     2  startup.o(RESET)
    ADC0Seq0_Handler                         0x00000283   Thumb Code     0  startup.o(RESET)
    ADC0Seq1_Handler                         0x00000283   Thumb Code     0  startup.o(RESET)
    ADC0Seq2_Handler                         0x00000283   Thumb Code     0  startup.o(RESET)
    ADC0Seq3_Handler                         0x00000283   Thumb Code     0  startup.o(RESET)
    ADC1Seq0_Handler                         0x00000283   Thumb Code     0  startup.o(RESET)
    ADC1Seq1_Handler                         0x00000283   Thumb Code     0  startup.o(RESET)
    ADC1Seq2_Handler                         0x00000283   Thumb Code     0  startup.o(RESET)
    ADC1Seq3_Handler                         0x00000283   Thumb Code     0  startup.o(RESET)
    CAN0_Handler                             0x00000283   Thumb Code     0  startup.o(RESET)
    CAN1_Handler                             0x00000283   Thumb Code     0  startup.o(RESET)
    CAN2_Handler                             0x00000283   Thumb Code     0  startup.o(RESET)
    Comp0_Handler                            0x00000283   Thumb Code     0  startup.o(RESET)
    Comp1_Handler                            0x00000283   Thumb Code     0  startup.o(RESET)
    Comp2_Handler                            0x00000283   Thumb Code     0  startup.o(RESET)
    Ethernet_Handler                         0x00000283   Thumb Code     0  startup.o(RESET)
    ExtBus_Handler                           0x00000283   Thumb Code     0  startup.o(RESET)
    FPU_Handler                              0x00000283   Thumb Code     0  startup.o(RESET)
    Fan0_Handler                             0x00000283   Thumb Code     0  startup.o(RESET)
    FlashCtl_Handler                         0x00000283   Thumb Code     0  startup.o(RESET)
    GPIOPortA_Handler                        0x00000283   Thumb Code     0  startup.o(RESET)
    GPIOPortB_Handler                        0x00000283   Thumb Code     0  startup.o(RESET)
    GPIOPortC_Handler                        0x00000283   Thumb Code     0  startup.o(RESET)
    GPIOPortD_Handler                        0x00000283   Thumb Code     0  startup.o(RESET)
    GPIOPortE_Handler                        0x00000283   Thumb Code     0  startup.o(RESET)
    GPIOPortF_Handler                        0x00000283   Thumb Code     0  startup.o(RESET)
    GPIOPortG_Handler                        0x00000283   Thumb Code     0  startup.o(RESET)
    GPIOPortH_Handler                        0x00000283   Thumb Code     0  startup.o(RESET)
    GPIOPortJ_Handler                        0x00000283   Thumb Code     0  startup.o(RESET)
    GPIOPortK_Handler                        0x00000283   Thumb Code     0  startup.o(RESET)
    GPIOPortL_Handler                        0x00000283   Thumb Code     0  startup.o(RESET)
    GPIOPortM_Handler                        0x00000283   Thumb Code     0  startup.o(RESET)
    GPIOPortN_Handler                        0x00000283   Thumb Code     0  startup.o(RESET)
    GPIOPortP1_Handler                       0x00000283   Thumb Code     0  startup.o(RESET)
    GPIOPortP2_Handler                       0x00000283   Thumb Code     0  startup.o(RESET)
    GPIOPortP3_Handler                       0x00000283   Thumb Code     0  startup.o(RESET)
    GPIOPortP4_Handler                       0x00000283   Thumb Code     0  startup.o(RESET)
    GPIOPortP5_Handler                       0x00000283   Thumb Code     0  startup.o(RESET)
    GPIOPortP6_Handler                       0x00000283   Thumb Code     0  startup.o(RESET)
    GPIOPortP7_Handler                       0x00000283   Thumb Code     0  startup.o(RESET)
    GPIOPortP_Handler                        0x00000283   Thumb Code     0  startup.o(RESET)
    GPIOPortQ1_Handler                       0x00000283   Thumb Code     0  startup.o(RESET)
    GPIOPortQ2_Handler                       0x00000283   Thumb Code     0  startup.o(RESET)
    GPIOPortQ3_Handler                       0x00000283   Thumb Code     0  startup.o(RESET)
    GPIOPortQ4_Handler                       0x00000283   Thumb Code     0  startup.o(RESET)
    GPIOPortQ5_Handler                       0x00000283   Thumb Code     0  startup.o(RESET)
    GPIOPortQ6_Handler                       0x00000283   Thumb Code     0  startup.o(RESET)
    GPIOPortQ7_Handler                       0x00000283   Thumb Code     0  startup.o(RESET)
    GPIOPortQ_Handler                        0x00000283   Thumb Code     0  startup.o(RESET)
    GPIOPortR_Handler                        0x00000283   Thumb Code     0  startup.o(RESET)
    GPIOPortS_Handler                        0x00000283   Thumb Code     0  startup.o(RESET)
    Hibernate_Handler                        0x00000283   Thumb Code     0  startup.o(RESET)
    I2C0_Handler                             0x00000283   Thumb Code     0  startup.o(RESET)
    I2C1_Handler                             0x00000283   Thumb Code     0  startup.o(RESET)
    I2C2_Handler                             0x00000283   Thumb Code     0  startup.o(RESET)
    I2C3_Handler                             0x00000283   Thumb Code     0  startup.o(RESET)
    I2C4_Handler                             0x00000283   Thumb Code     0  startup.o(RESET)
    I2C5_Handler                             0x00000283   Thumb Code     0  startup.o(RESET)
    I2S0_Handler                             0x00000283   Thumb Code     0  startup.o(RESET)
    LPC0_Handler                             0x00000283   Thumb Code     0  startup.o(RESET)
    PECI0_Handler                            0x00000283   Thumb Code     0  startup.o(RESET)
    PWM0Fault_Handler                        0x00000283   Thumb Code     0  startup.o(RESET)
    PWM0Generator0_Handler                   0x00000283   Thumb Code     0  startup.o(RESET)
    PWM0Generator1_Handler                   0x00000283   Thumb Code     0  startup.o(RESET)
    PWM0Generator2_Handler                   0x00000283   Thumb Code     0  startup.o(RESET)
    PWM0Generator3_Handler                   0x00000283   Thumb Code     0  startup.o(RESET)
    PWM1Fault_Handler                        0x00000283   Thumb Code     0  startup.o(RESET)
    PWM1Generator0_Handler                   0x00000283   Thumb Code     0  startup.o(RESET)
    PWM1Generator1_Handler                   0x00000283   Thumb Code     0  startup.o(RESET)
    PWM1Generator2_Handler                   0x00000283   Thumb Code     0  startup.o(RESET)
    PWM1Generator3_Handler                   0x00000283   Thumb Code     0  startup.o(RESET)
    Quadrature0_Handler                      0x00000283   Thumb Code     0  startup.o(RESET)
    Quadrature1_Handler                      0x00000283   Thumb Code     0  startup.o(RESET)
    Quadrature2_Handler                      0x00000283   Thumb Code     0  startup.o(RESET)
    SSI0_Handler                             0x00000283   Thumb Code     0  startup.o(RESET)
    SSI1_Handler                             0x00000283   Thumb Code     0  startup.o(RESET)
    SSI2_Handler                             0x00000283   Thumb Code     0  startup.o(RESET)
    SSI3_Handler                             0x00000283   Thumb Code     0  startup.o(RESET)
    SysCtl_Handler                           0x00000283   Thumb Code     0  startup.o(RESET)
    Timer0A_Handler                          0x00000283   Thumb Code     0  startup.o(RESET)
    Timer0B_Handler                          0x00000283   Thumb Code     0  startup.o(RESET)
    Timer1A_Handler                          0x00000283   Thumb Code     0  startup.o(RESET)
    Timer1B_Handler                          0x00000283   Thumb Code     0  startup.o(RESET)
    Timer2B_Handler                          0x00000283   Thumb Code     0  startup.o(RESET)
    Timer3A_Handler                          0x00000283   Thumb Code     0  startup.o(RESET)
    Timer3B_Handler                          0x00000283   Thumb Code     0  startup.o(RESET)
    Timer4B_Handler                          0x00000283   Thumb Code     0  startup.o(RESET)
    Timer5B_Handler                          0x00000283   Thumb Code     0  startup.o(RESET)
    UART0_Handler                            0x00000283   Thumb Code     0  startup.o(RESET)
    UART1_Handler                            0x00000283   Thumb Code     0  startup.o(RESET)
    UART2_Handler                            0x00000283   Thumb Code     0  startup.o(RESET)
    UART3_Handler                            0x00000283   Thumb Code     0  startup.o(RESET)
    UART4_Handler                            0x00000283   Thumb Code     0  startup.o(RESET)
    UART5_Handler                            0x00000283   Thumb Code     0  startup.o(RESET)
    UART6_Handler                            0x00000283   Thumb Code     0  startup.o(RESET)
    UART7_Handler                            0x00000283   Thumb Code     0  startup.o(RESET)
    USB0_Handler                             0x00000283   Thumb Code     0  startup.o(RESET)
    WDT_Handler                              0x00000283   Thumb Code     0  startup.o(RESET)
    WideTimer0A_Handler                      0x00000283   Thumb Code     0  startup.o(RESET)
    WideTimer0B_Handler                      0x00000283   Thumb Code     0  startup.o(RESET)
    WideTimer1A_Handler                      0x00000283   Thumb Code     0  startup.o(RESET)
    WideTimer1B_Handler                      0x00000283   Thumb Code     0  startup.o(RESET)
    WideTimer2A_Handler                      0x00000283   Thumb Code     0  startup.o(RESET)
    WideTimer2B_Handler                      0x00000283   Thumb Code     0  startup.o(RESET)
    WideTimer3A_Handler                      0x00000283   Thumb Code     0  startup.o(RESET)
    WideTimer3B_Handler                      0x00000283   Thumb Code     0  startup.o(RESET)
    WideTimer4A_Handler                      0x00000283   Thumb Code     0  startup.o(RESET)
    WideTimer4B_Handler                      0x00000283   Thumb Code     0  startup.o(RESET)
    WideTimer5A_Handler                      0x00000283   Thumb Code     0  startup.o(RESET)
    WideTimer5B_Handler                      0x00000283   Thumb Code     0  startup.o(RESET)
    uDMA_Error                               0x00000283   Thumb Code     0  startup.o(RESET)
    uDMA_Handler                             0x00000283   Thumb Code     0  startup.o(RESET)
    __main                                   0x00000285   Thumb Code     0  entry.o(.ARM.Collect$$$$00000000)
    _main_stk                                0x00000285   Thumb Code     0  entry2.o(.ARM.Collect$$$$00000001)
    _main_scatterload                        0x00000289   Thumb Code     0  entry5.o(.ARM.Collect$$$$00000004)
    __main_after_scatterload                 0x0000028d   Thumb Code     0  entry5.o(.ARM.Collect$$$$00000004)
    _main_clock                              0x0000028d   Thumb Code     0  entry7b.o(.ARM.Collect$$$$00000008)
    _main_cpp_init                           0x0000028d   Thumb Code     0  entry8b.o(.ARM.Collect$$$$0000000A)
    _main_init                               0x0000028d   Thumb Code     0  entry9a.o(.ARM.Collect$$$$0000000B)
    __rt_final_cpp                           0x00000295   Thumb Code     0  entry10a.o(.ARM.Collect$$$$0000000D)
    __rt_final_exit                          0x00000295   Thumb Code     0  entry11a.o(.ARM.Collect$$$$0000000F)
    DisableInterrupts                        0x00000299   Thumb Code     0  startup.o(.text)
    EnableInterrupts                         0x0000029d   Thumb Code     0  startup.o(.text)
    StartCritical                            0x000002a1   Thumb Code     0  startup.o(.text)
    EndCritical                              0x000002a9   Thumb Code     0  startup.o(.text)
    WaitForInterrupt                         0x000002af   Thumb Code     0  startup.o(.text)
    Random_Init                              0x000002b5   Thumb Code     0  random.o(.text)
    Random                                   0x000002bf   Thumb Code     2  random.o(.text)
    __scatterload                            0x000002dd   Thumb Code    28  init.o(.text)
    __scatterload_rt2                        0x000002dd   Thumb Code     0  init.o(.text)
    ADC0_In                                  0x00000301   Thumb Code    36  adc.o(i.ADC0_In)
    ADC0_Init                                0x0000032d   Thumb Code   172  adc.o(i.ADC0_Init)
    ADC1_In                                  0x000003fd   Thumb Code     6  texas.o(i.ADC1_In)
    ADC1_Init                                0x00000409   Thumb Code   174  texas.o(i.ADC1_Init)
    CheckBumperLaserCollision                0x000004dd   Thumb Code   262  gameengine.o(i.CheckBumperLaserCollision)
    CheckEnemyRegMissileCollisions           0x000005f9   Thumb Code   286  gameengine.o(i.CheckEnemyRegMissileCollisions)
    CheckEnemySpecMissileCollisions          0x00000735   Thumb Code   614  gameengine.o(i.CheckEnemySpecMissileCollisions)
    CheckLaserRegMissileCollision            0x000009b9   Thumb Code   248  gameengine.o(i.CheckLaserRegMissileCollision)
    CheckLaserSpecMissileCollision           0x00000ac9   Thumb Code   502  gameengine.o(i.CheckLaserSpecMissileCollision)
    CheckPlayerLaserCollision                0x00000cdd   Thumb Code   184  gameengine.o(i.CheckPlayerLaserCollision)
    Check_Collisions                         0x00000da9   Thumb Code    28  gameengine.o(i.Check_Collisions)
    Check_GameOver                           0x00000dc5   Thumb Code    22  gameengine.o(i.Check_GameOver)
    ConvertToDistance                        0x00000de5   Thumb Code    18  gameengine.o(i.ConvertToDistance)
    DAC_Init                                 0x00000df9   Thumb Code    86  dac.o(i.DAC_Init)
    DAC_Out                                  0x00000e59   Thumb Code     6  dac.o(i.DAC_Out)
    Delay100ms                               0x00000e65   Thumb Code    30  spaceinvaders.o(i.Delay100ms)
    DrawBunkers                              0x00000e89   Thumb Code    70  gameengine.o(i.DrawBunkers)
    DrawEnemies                              0x00000ed5   Thumb Code   136  gameengine.o(i.DrawEnemies)
    DrawLasers                               0x00000f69   Thumb Code    66  gameengine.o(i.DrawLasers)
    DrawPlayer                               0x00000fb1   Thumb Code    52  gameengine.o(i.DrawPlayer)
    DrawRegMissiles                          0x00000fed   Thumb Code    68  gameengine.o(i.DrawRegMissiles)
    DrawSpecMissiles                         0x00001035   Thumb Code   154  gameengine.o(i.DrawSpecMissiles)
    Draw_GameFrame                           0x000010d5   Thumb Code    50  gameengine.o(i.Draw_GameFrame)
    EnemyLaserFire                           0x0000110d   Thumb Code   194  gameengine.o(i.EnemyLaserFire)
    EnemyMove                                0x000011e5   Thumb Code    62  gameengine.o(i.EnemyMove)
    Failure_LedCount                         0x00001229   Thumb Code    22  switchled.o(i.Failure_LedCount)
    Failure_LedOff                           0x00001245   Thumb Code    16  switchled.o(i.Failure_LedOff)
    Failure_LedOn                            0x0000125d   Thumb Code    20  switchled.o(i.Failure_LedOn)
    Game_Init                                0x0000127d   Thumb Code   532  gameengine.o(i.Game_Init)
    LaserMove                                0x000014f1   Thumb Code   110  gameengine.o(i.LaserMove)
    Move_ActiveObjects                       0x00001569   Thumb Code    24  gameengine.o(i.Move_ActiveObjects)
    Nokia5110_Clear                          0x00001581   Thumb Code    32  nokia5110.o(i.Nokia5110_Clear)
    Nokia5110_ClearBuffer                    0x000015a1   Thumb Code    20  nokia5110.o(i.Nokia5110_ClearBuffer)
    Nokia5110_DisplayBuffer                  0x000015b9   Thumb Code    10  nokia5110.o(i.Nokia5110_DisplayBuffer)
    Nokia5110_DrawFullImage                  0x000015c9   Thumb Code    34  nokia5110.o(i.Nokia5110_DrawFullImage)
    Nokia5110_Init                           0x000015ed   Thumb Code   316  nokia5110.o(i.Nokia5110_Init)
    Nokia5110_OutChar                        0x00001759   Thumb Code    52  nokia5110.o(i.Nokia5110_OutChar)
    Nokia5110_OutString                      0x00001791   Thumb Code    22  nokia5110.o(i.Nokia5110_OutString)
    Nokia5110_OutUDec                        0x000017a9   Thumb Code   394  nokia5110.o(i.Nokia5110_OutUDec)
    Nokia5110_PrintBMP                       0x00001945   Thumb Code   420  nokia5110.o(i.Nokia5110_PrintBMP)
    Nokia5110_SetCursor                      0x00001aed   Thumb Code    48  nokia5110.o(i.Nokia5110_SetCursor)
    PF1Init                                  0x00001b1d   Thumb Code    88  spaceinvaders.o(i.PF1Init)
    PLL_Init                                 0x00001b8d   Thumb Code   118  texas.o(i.PLL_Init)
    PlayerMove                               0x00001c09   Thumb Code    24  gameengine.o(i.PlayerMove)
    RandomGenerator                          0x00001c25   Thumb Code    20  gameengine.o(i.RandomGenerator)
    RegMissileMove                           0x00001c39   Thumb Code   108  gameengine.o(i.RegMissileMove)
    RegMissile_Fire                          0x00001cb1   Thumb Code   110  gameengine.o(i.RegMissile_Fire)
    SetCode                                  0x00001d35   Thumb Code    20  texas.o(i.SetCode)
    SetCourse                                0x00001d4d   Thumb Code    20  texas.o(i.SetCourse)
    Set_Difficulty                           0x00001d65   Thumb Code    16  gameengine.o(i.Set_Difficulty)
    SoundOut                                 0x00001d81   Thumb Code    16  sound.o(i.SoundOut)
    Sound_Explosion                          0x00001d9d   Thumb Code    14  sound.o(i.Sound_Explosion)
    Sound_Init                               0x00001db1   Thumb Code    18  sound.o(i.Sound_Init)
    Sound_InvaderShoot                       0x00001dcd   Thumb Code    14  sound.o(i.Sound_InvaderShoot)
    Sound_Killed                             0x00001de1   Thumb Code    14  sound.o(i.Sound_Killed)
    Sound_Play                               0x00001df5   Thumb Code    54  sound.o(i.Sound_Play)
    Sound_Shoot                              0x00001e39   Thumb Code    14  sound.o(i.Sound_Shoot)
    SpecMissileMove                          0x00001e4d   Thumb Code   446  gameengine.o(i.SpecMissileMove)
    SpecMissile_Fire                         0x00002021   Thumb Code   282  gameengine.o(i.SpecMissile_Fire)
    State_GameOver                           0x00002155   Thumb Code   126  gameengine.o(i.State_GameOver)
    Success_LedCount                         0x0000222d   Thumb Code    22  switchled.o(i.Success_LedCount)
    Success_LedOff                           0x00002249   Thumb Code    16  switchled.o(i.Success_LedOff)
    Success_LedOn                            0x00002261   Thumb Code    20  switchled.o(i.Success_LedOn)
    SwitchLed_Init                           0x00002281   Thumb Code   156  switchled.o(i.SwitchLed_Init)
    Switch_Fire                              0x0000233d   Thumb Code    36  switchled.o(i.Switch_Fire)
    Switch_SpecialFire                       0x00002369   Thumb Code    36  switchled.o(i.Switch_SpecialFire)
    SysTick_Handler                          0x00002395   Thumb Code   100  spaceinvaders.o(i.SysTick_Handler)
    SysTick_Init                             0x00002409   Thumb Code    42  spaceinvaders.o(i.SysTick_Init)
    TExaS_Init                               0x00002439   Thumb Code   324  texas.o(i.TExaS_Init)
    Timer2A_Handler                          0x000025fd   Thumb Code    40  spaceinvaders.o(i.Timer2A_Handler)
    Timer2_Init                              0x0000262d   Thumb Code    84  spaceinvaders.o(i.Timer2_Init)
    Timer4A_Handler                          0x00002695   Thumb Code    20  texas.o(i.Timer4A_Handler)
    Timer5A_Handler                          0x000026b5   Thumb Code    34  texas.o(i.Timer5A_Handler)
    UART0_Init                               0x000026e5   Thumb Code   160  texas.o(i.UART0_Init)
    __scatterload_copy                       0x000027a5   Thumb Code    14  handlers.o(i.__scatterload_copy)
    __scatterload_null                       0x000027b3   Thumb Code     2  handlers.o(i.__scatterload_null)
    __scatterload_zeroinit                   0x000027b5   Thumb Code    14  handlers.o(i.__scatterload_zeroinit)
    main                                     0x00002811   Thumb Code   142  spaceinvaders.o(i.main)
    NoInputMsg                               0x00002a90   Data          40  texas.o(.constdata)
    OutputPortMsg0                           0x00002ab8   Data          40  texas.o(.constdata)
    OutputPortMsg1                           0x00002ae0   Data          40  texas.o(.constdata)
    OutputPortMsg2                           0x00002b08   Data          40  texas.o(.constdata)
    OutputPortMsg3                           0x00002b30   Data          40  texas.o(.constdata)
    BlankMsg                                 0x00002b58   Data          40  texas.o(.constdata)
    InitializedMsg                           0x00002b80   Data          40  texas.o(.constdata)
    IntroMsg                                 0x00002ba8   Data          40  texas.o(.constdata)
    DoneMsg                                  0x00002bd0   Data          40  texas.o(.constdata)
    shoot                                    0x00002bf8   Data        4080  sound.o(.constdata)
    invaderkilled                            0x00003be8   Data        3377  sound.o(.constdata)
    explosion                                0x00004919   Data        2000  sound.o(.constdata)
    invadershoot                             0x000050e9   Data         982  sound.o(.constdata)
    SmallEnemy30PointA                       0x0000569f   Data         199  gameengine.o(.constdata)
    SmallEnemy30PointB                       0x00005766   Data         199  gameengine.o(.constdata)
    SmallEnemy20PointA                       0x0000582d   Data         199  gameengine.o(.constdata)
    SmallEnemy20PointB                       0x000058f4   Data         199  gameengine.o(.constdata)
    SmallEnemy10PointA                       0x000059bb   Data         199  gameengine.o(.constdata)
    SmallEnemy10PointB                       0x00005a82   Data         199  gameengine.o(.constdata)
    PlayerShip0                              0x00005b49   Data         215  gameengine.o(.constdata)
    SmallEnemyBonus0                         0x00005c20   Data         203  gameengine.o(.constdata)
    Bunker0                                  0x00005ceb   Data         179  gameengine.o(.constdata)
    Bunker1                                  0x00005d9e   Data         179  gameengine.o(.constdata)
    Bunker2                                  0x00005e51   Data         179  gameengine.o(.constdata)
    Bunker3                                  0x00005f04   Data         179  gameengine.o(.constdata)
    BigExplosion0                            0x00005fb7   Data         215  gameengine.o(.constdata)
    BigExplosion1                            0x0000608e   Data         215  gameengine.o(.constdata)
    SmallExplosion0                          0x00006165   Data         199  gameengine.o(.constdata)
    SmallExplosion1                          0x0000622c   Data         199  gameengine.o(.constdata)
    Missile0                                 0x000062f3   Data         155  gameengine.o(.constdata)
    Missile1                                 0x0000638e   Data         155  gameengine.o(.constdata)
    Missile2                                 0x00006429   Data         155  gameengine.o(.constdata)
    Laser0                                   0x000064c4   Data         155  gameengine.o(.constdata)
    Laser1                                   0x0000655f   Data         155  gameengine.o(.constdata)
    Region$$Table$$Base                      0x000065fc   Number         0  anon$$obj.o(Region$$Table)
    Region$$Table$$Limit                     0x0000661c   Number         0  anon$$obj.o(Region$$Table)
    Semaphore                                0x20000000   Data           1  spaceinvaders.o(.data)
    GameOverFlag                             0x20000001   Data           1  spaceinvaders.o(.data)
    PeriodicTask                             0x20000004   Data           4  spaceinvaders.o(.data)
    TExaS_Period                             0x20000008   Data           4  texas.o(.data)
    TExaS_Ports                              0x2000000c   Data           8  texas.o(.data)
    Display                                  0x20000014   Data           1  texas.o(.data)
    TExaS_Meter                              0x20000018   Data           4  texas.o(.data)
    ADCnum                                   0x2000001c   Data           4  texas.o(.data)
    LastMode                                 0x20000020   Data           4  texas.o(.data)
    bFlag                                    0x20000024   Data           4  texas.o(.data)
    Count                                    0x20000028   Data           4  texas.o(.data)
    DelayBetweenTests                        0x2000002c   Data           4  texas.o(.data)
    TExaS_Test                               0x20000030   Data           4  texas.o(.data)
    ScopeMode                                0x20000034   Data           4  texas.o(.data)
    ScopeCount                               0x20000038   Data           4  texas.o(.data)
    Index                                    0x2000003c   Data           4  sound.o(.data)
    SoundCount                               0x20000040   Data           4  sound.o(.data)
    Wave                                     0x20000044   Data           4  sound.o(.data)
    FrameCount                               0x20000048   Data           4  gameengine.o(.data)
    Distance                                 0x2000004c   Data           4  gameengine.o(.data)
    ADCdata                                  0x20000050   Data           4  gameengine.o(.data)
    Score                                    0x20000054   Data           4  gameengine.o(.data)
    RegMissileCount                          0x20000058   Data           1  gameengine.o(.data)
    SpecMissileCount                         0x20000059   Data           1  gameengine.o(.data)
    SpecMissileDecrementCheck                0x2000005a   Data           1  gameengine.o(.data)
    LaserCount                               0x2000005b   Data           1  gameengine.o(.data)
    KilledEnemyCount                         0x2000005c   Data           1  gameengine.o(.data)
    LaserDelay                               0x2000005d   Data           1  gameengine.o(.data)
    PrevRegFire                              0x20000060   Data           4  switchled.o(.data)
    PrevSpecFire                             0x20000064   Data           4  switchled.o(.data)
    SuccessLedCount                          0x20000068   Data           4  switchled.o(.data)
    FailureLedCount                          0x2000006c   Data           4  switchled.o(.data)
    Screen                                   0x20000074   Data         504  nokia5110.o(.bss)
    TExaS                                    0x20000270   Data          56  texas.o(.bss)
    Player                                   0x200002a8   Data          20  gameengine.o(.bss)
    RegMissiles                              0x200002bc   Data          60  gameengine.o(.bss)
    SpecMissiles                             0x200002f8   Data          88  gameengine.o(.bss)
    Bunkers                                  0x20000350   Data          56  gameengine.o(.bss)
    Enemy                                    0x20000388   Data         336  gameengine.o(.bss)
    Lasers                                   0x200004d8   Data         100  gameengine.o(.bss)
    __initial_sp                             0x20000940   Data           0  startup.o(STACK)



==============================================================================

Memory Map of the image

  Image Entry point : 0x0000026d

  Load Region LR_1 (Base: 0x00000000, Size: 0x00006690, Max: 0xffffffff, ABSOLUTE)

    Execution Region ER_RO (Base: 0x00000000, Size: 0x0000661c, Max: 0xffffffff, ABSOLUTE)

    Base Addr    Size         Type   Attr      Idx    E Section Name        Object

    0x00000000   0x00000284   Code   RO            3  * RESET               startup.o
    0x00000284   0x00000000   Code   RO          610  * .ARM.Collect$$$$00000000  mc_w.l(entry.o)
    0x00000284   0x00000004   Code   RO          613    .ARM.Collect$$$$00000001  mc_w.l(entry2.o)
    0x00000288   0x00000004   Code   RO          616    .ARM.Collect$$$$00000004  mc_w.l(entry5.o)
    0x0000028c   0x00000000   Code   RO          618    .ARM.Collect$$$$00000008  mc_w.l(entry7b.o)
    0x0000028c   0x00000000   Code   RO          620    .ARM.Collect$$$$0000000A  mc_w.l(entry8b.o)
    0x0000028c   0x00000008   Code   RO          621    .ARM.Collect$$$$0000000B  mc_w.l(entry9a.o)
    0x00000294   0x00000000   Code   RO          623    .ARM.Collect$$$$0000000D  mc_w.l(entry10a.o)
    0x00000294   0x00000000   Code   RO          625    .ARM.Collect$$$$0000000F  mc_w.l(entry11a.o)
    0x00000294   0x00000004   Code   RO          614    .ARM.Collect$$$$00002712  mc_w.l(entry2.o)
    0x00000298   0x0000001c   Code   RO            4    .text               startup.o
    0x000002b4   0x00000028   Code   RO           92    .text               random.o
    0x000002dc   0x00000024   Code   RO          627    .text               mc_w.l(init.o)
    0x00000300   0x0000002c   Code   RO          341    i.ADC0_In           adc.o
    0x0000032c   0x000000d0   Code   RO          342    i.ADC0_Init         adc.o
    0x000003fc   0x0000000c   Code   RO          151    i.ADC1_In           texas.o
    0x00000408   0x000000d4   Code   RO          152    i.ADC1_Init         texas.o
    0x000004dc   0x0000011c   Code   RO          359    i.CheckBumperLaserCollision  gameengine.o
    0x000005f8   0x0000013c   Code   RO          360    i.CheckEnemyRegMissileCollisions  gameengine.o
    0x00000734   0x00000284   Code   RO          361    i.CheckEnemySpecMissileCollisions  gameengine.o
    0x000009b8   0x00000110   Code   RO          362    i.CheckLaserRegMissileCollision  gameengine.o
    0x00000ac8   0x00000214   Code   RO          363    i.CheckLaserSpecMissileCollision  gameengine.o
    0x00000cdc   0x000000cc   Code   RO          364    i.CheckPlayerLaserCollision  gameengine.o
    0x00000da8   0x0000001c   Code   RO          365    i.Check_Collisions  gameengine.o
    0x00000dc4   0x00000020   Code   RO          366    i.Check_GameOver    gameengine.o
    0x00000de4   0x00000012   Code   RO          367    i.ConvertToDistance  gameengine.o
    0x00000df6   0x00000002   PAD
    0x00000df8   0x00000060   Code   RO          270    i.DAC_Init          dac.o
    0x00000e58   0x0000000c   Code   RO          271    i.DAC_Out           dac.o
    0x00000e64   0x00000024   Code   RO           95    i.Delay100ms        spaceinvaders.o
    0x00000e88   0x0000004c   Code   RO          368    i.DrawBunkers       gameengine.o
    0x00000ed4   0x00000094   Code   RO          369    i.DrawEnemies       gameengine.o
    0x00000f68   0x00000048   Code   RO          370    i.DrawLasers        gameengine.o
    0x00000fb0   0x0000003c   Code   RO          371    i.DrawPlayer        gameengine.o
    0x00000fec   0x00000048   Code   RO          372    i.DrawRegMissiles   gameengine.o
    0x00001034   0x000000a0   Code   RO          373    i.DrawSpecMissiles  gameengine.o
    0x000010d4   0x00000038   Code   RO          374    i.Draw_GameFrame    gameengine.o
    0x0000110c   0x000000d8   Code   RO          375    i.EnemyLaserFire    gameengine.o
    0x000011e4   0x00000044   Code   RO          376    i.EnemyMove         gameengine.o
    0x00001228   0x0000001c   Code   RO          547    i.Failure_LedCount  switchled.o
    0x00001244   0x00000018   Code   RO          548    i.Failure_LedOff    switchled.o
    0x0000125c   0x00000020   Code   RO          549    i.Failure_LedOn     switchled.o
    0x0000127c   0x00000274   Code   RO          377    i.Game_Init         gameengine.o
    0x000014f0   0x00000078   Code   RO          378    i.LaserMove         gameengine.o
    0x00001568   0x00000018   Code   RO          379    i.Move_ActiveObjects  gameengine.o
    0x00001580   0x00000020   Code   RO           12    i.Nokia5110_Clear   nokia5110.o
    0x000015a0   0x00000018   Code   RO           13    i.Nokia5110_ClearBuffer  nokia5110.o
    0x000015b8   0x00000010   Code   RO           14    i.Nokia5110_DisplayBuffer  nokia5110.o
    0x000015c8   0x00000022   Code   RO           15    i.Nokia5110_DrawFullImage  nokia5110.o
    0x000015ea   0x00000002   PAD
    0x000015ec   0x0000016c   Code   RO           16    i.Nokia5110_Init    nokia5110.o
    0x00001758   0x00000038   Code   RO           17    i.Nokia5110_OutChar  nokia5110.o
    0x00001790   0x00000016   Code   RO           18    i.Nokia5110_OutString  nokia5110.o
    0x000017a6   0x00000002   PAD
    0x000017a8   0x0000019c   Code   RO           19    i.Nokia5110_OutUDec  nokia5110.o
    0x00001944   0x000001a8   Code   RO           20    i.Nokia5110_PrintBMP  nokia5110.o
    0x00001aec   0x00000030   Code   RO           21    i.Nokia5110_SetCursor  nokia5110.o
    0x00001b1c   0x00000070   Code   RO           96    i.PF1Init           spaceinvaders.o
    0x00001b8c   0x0000007c   Code   RO          153    i.PLL_Init          texas.o
    0x00001c08   0x0000001c   Code   RO          380    i.PlayerMove        gameengine.o
    0x00001c24   0x00000014   Code   RO          381    i.RandomGenerator   gameengine.o
    0x00001c38   0x00000078   Code   RO          382    i.RegMissileMove    gameengine.o
    0x00001cb0   0x00000084   Code   RO          383    i.RegMissile_Fire   gameengine.o
    0x00001d34   0x00000018   Code   RO          154    i.SetCode           texas.o
    0x00001d4c   0x00000018   Code   RO          155    i.SetCourse         texas.o
    0x00001d64   0x0000001c   Code   RO          384    i.Set_Difficulty    gameengine.o
    0x00001d80   0x0000001c   Code   RO          288    i.SoundOut          sound.o
    0x00001d9c   0x00000014   Code   RO          289    i.Sound_Explosion   sound.o
    0x00001db0   0x0000001c   Code   RO          290    i.Sound_Init        sound.o
    0x00001dcc   0x00000014   Code   RO          291    i.Sound_InvaderShoot  sound.o
    0x00001de0   0x00000014   Code   RO          292    i.Sound_Killed      sound.o
    0x00001df4   0x00000044   Code   RO          293    i.Sound_Play        sound.o
    0x00001e38   0x00000014   Code   RO          294    i.Sound_Shoot       sound.o
    0x00001e4c   0x000001d4   Code   RO          385    i.SpecMissileMove   gameengine.o
    0x00002020   0x00000134   Code   RO          386    i.SpecMissile_Fire  gameengine.o
    0x00002154   0x000000d8   Code   RO          387    i.State_GameOver    gameengine.o
    0x0000222c   0x0000001c   Code   RO          550    i.Success_LedCount  switchled.o
    0x00002248   0x00000018   Code   RO          551    i.Success_LedOff    switchled.o
    0x00002260   0x00000020   Code   RO          552    i.Success_LedOn     switchled.o
    0x00002280   0x000000bc   Code   RO          553    i.SwitchLed_Init    switchled.o
    0x0000233c   0x0000002c   Code   RO          554    i.Switch_Fire       switchled.o
    0x00002368   0x0000002c   Code   RO          555    i.Switch_SpecialFire  switchled.o
    0x00002394   0x00000074   Code   RO           97    i.SysTick_Handler   spaceinvaders.o
    0x00002408   0x00000030   Code   RO           98    i.SysTick_Init      spaceinvaders.o
    0x00002438   0x000001c4   Code   RO          159    i.TExaS_Init        texas.o
    0x000025fc   0x00000030   Code   RO           99    i.Timer2A_Handler   spaceinvaders.o
    0x0000262c   0x00000068   Code   RO          100    i.Timer2_Init       spaceinvaders.o
    0x00002694   0x00000020   Code   RO          161    i.Timer4A_Handler   texas.o
    0x000026b4   0x00000030   Code   RO          162    i.Timer5A_Handler   texas.o
    0x000026e4   0x000000c0   Code   RO          165    i.UART0_Init        texas.o
    0x000027a4   0x0000000e   Code   RO          631    i.__scatterload_copy  mc_w.l(handlers.o)
    0x000027b2   0x00000002   Code   RO          632    i.__scatterload_null  mc_w.l(handlers.o)
    0x000027b4   0x0000000e   Code   RO          633    i.__scatterload_zeroinit  mc_w.l(handlers.o)
    0x000027c2   0x00000002   PAD
    0x000027c4   0x0000004c   Code   RO           22    i.lcdwrite          nokia5110.o
    0x00002810   0x000000a0   Code   RO          101    i.main              spaceinvaders.o
    0x000028b0   0x000001e0   Data   RO           24    .constdata          nokia5110.o
    0x00002a90   0x00000168   Data   RO          170    .constdata          texas.o
    0x00002bf8   0x000028c7   Data   RO          295    .constdata          sound.o
    0x000054bf   0x0000113b   Data   RO          389    .constdata          gameengine.o
    0x000065fa   0x00000002   PAD
    0x000065fc   0x00000020   Data   RO          629    Region$$Table       anon$$obj.o


    Execution Region ER_RW (Base: 0x20000000, Size: 0x00000074, Max: 0xffffffff, ABSOLUTE)

    Base Addr    Size         Type   Attr      Idx    E Section Name        Object

    0x20000000   0x00000008   Data   RW          103    .data               spaceinvaders.o
    0x20000008   0x00000034   Data   RW          171    .data               texas.o
    0x2000003c   0x0000000c   Data   RW          296    .data               sound.o
    0x20000048   0x00000016   Data   RW          390    .data               gameengine.o
    0x2000005e   0x00000002   PAD
    0x20000060   0x00000010   Data   RW          556    .data               switchled.o
    0x20000070   0x00000004   Data   RW           91    DATA                random.o


    Execution Region ER_ZI (Base: 0x20000074, Size: 0x000008cc, Max: 0xffffffff, ABSOLUTE)

    Base Addr    Size         Type   Attr      Idx    E Section Name        Object

    0x20000074   0x000001f8   Zero   RW           23    .bss                nokia5110.o
    0x2000026c   0x00000004   PAD
    0x20000270   0x00000038   Zero   RW          169    .bss                texas.o
    0x200002a8   0x00000294   Zero   RW          388    .bss                gameengine.o
    0x2000053c   0x00000004   PAD
    0x20000540   0x00000400   Zero   RW            1    STACK               startup.o


==============================================================================

Image component sizes


      Code (inc. data)   RO Data    RW Data    ZI Data      Debug   Object Name

       252         44          0          0          0        990   adc.o
       108         16          0          0          0        881   dac.o
      5350        536       4411         22        660      19698   gameengine.o
      1508         94        480          0        504      10165   nokia5110.o
        40         12          0          4          0        208   random.o
       204         60      10439         12          0       3828   sound.o
       624         98          0          8          0       4821   spaceinvaders.o
       672        622          0          0       1024        980   startup.o
       444        100          0         16          0       4683   switchled.o
      1120        244        360         52         56      16272   texas.o

    ----------------------------------------------------------------------
     10328       1826      15724        116       2252      62526   Object Totals
         0          0         32          0          0          0   (incl. Generated)
         6          0          2          2          8          0   (incl. Padding)

    ----------------------------------------------------------------------

      Code (inc. data)   RO Data    RW Data    ZI Data      Debug   Library Member Name

         0          0          0          0          0          0   entry.o
         0          0          0          0          0          0   entry10a.o
         0          0          0          0          0          0   entry11a.o
         8          4          0          0          0          0   entry2.o
         4          0          0          0          0          0   entry5.o
         0          0          0          0          0          0   entry7b.o
         0          0          0          0          0          0   entry8b.o
         8          4          0          0          0          0   entry9a.o
        30          0          0          0          0          0   handlers.o
        36          8          0          0          0         68   init.o

    ----------------------------------------------------------------------
        88         16          0          0          0         68   Library Totals
         2          0          0          0          0          0   (incl. Padding)

    ----------------------------------------------------------------------

      Code (inc. data)   RO Data    RW Data    ZI Data      Debug   Library Name

        86         16          0          0          0         68   mc_w.l

    ----------------------------------------------------------------------
        88         16          0          0          0         68   Library Totals

    ----------------------------------------------------------------------

==============================================================================


      Code (inc. data)   RO Data    RW Data    ZI Data      Debug   

     10416       1842      15724        116       2252      55594   Grand Totals
     10416       1842      15724        116       2252      55594   ELF Image Totals
     10416       1842      15724        116          0          0   ROM Totals

==============================================================================

    Total RO  Size (Code + RO Data)                26140 (  25.53kB)
    Total RW  Size (RW Data + ZI Data)              2368 (   2.31kB)
    Total ROM Size (Code + RO Data + RW Data)      26256 (  25.64kB)

==============================================================================

